L 1 "..\..\Code\XC_Task.c"
N/**
N * @file        XC_Task.c
N * @brief       任务的实现
N * @author      libertyzx (libertyzx@163.com)
N * @version     2.00
N * @date        2025/11/26
N * **********************************************
N * @copyright   Copyright (c) 2024 libertyzx. All rights reserved.
N * @license     This project is released under the MIT License.
N * **********************************************
N * @details     实现了任务处理相关的操作
N * **********************************************
N *  修改日志
N *  - 见"XC_UpdateInfo.md"的更新说明;
N */
N//=== 头文件
N#include "XC_Task.h"
L 1 "..\..\code\include\XC_Task.h" 1
N/**
N * @file        XC_Task.h
N * @brief       任务的实现
N * @author      libertyzx (libertyzx@163.com)
N * @version     2.00
N * @date        2025/11/26
N * **********************************************
N * @copyright   Copyright (c) 2024 libertyzx. All rights reserved.
N * @license     This project is released under the MIT License.
N * **********************************************
N * @details
N *  - 实现了所有协程相关的操作;
N *  - 实现了任务处理需要的操作;
N * **********************************************
N *  修改日志
N *  - 见"XC_UpdateInfo.md"的更新说明;
N */
N//=== 防重复定义
N#ifndef _XC_Task_H_
N#define _XC_Task_H_
N//=== 头文件
N#include "XC_Type.h"
L 1 "..\..\code\include\XC_Type.h" 1
N/**
N * @file        XC_Type.h
N * @brief       框架的类型
N * @author      libertyzx (libertyzx@163.com)
N * @version     2.00
N * @date        2025/11/26
N * **********************************************
N * @copyright   Copyright (c) 2024 libertyzx. All rights reserved.
N * @license     This project is released under the MIT License.
N * **********************************************
N * @details
N *  框架中用户调用的类型
N *  注意:"XC_Tick_t"类型特殊(可配置),在"XC_Config.h"中定义;
N * **********************************************
N *  修改日志
N *  - 见"XC_UpdateInfo.md"的更新说明;
N */
N//=== 防重复定义
N#ifndef _XC_Type_h_
N#define _XC_Type_h_
N//=== 头文件
N#include "Internal/XC_TypeInternal.h"
L 1 "..\..\code\include\Internal/XC_TypeInternal.h" 1
N/**
N * @file        XC_TypeInternal.h.h
N * @brief       内部类型
N * @author      libertyzx (libertyzx@163.com)
N * @version     2.00
N * @date        2025/11/26
N * **********************************************
N * @copyright   Copyright (c) 2024 libertyzx. All rights reserved.
N * @license     This project is released under the MIT License.
N * **********************************************
N * @details     存放框架内部类型的代码
N * **********************************************
N *  修改日志
N *  - 见"XC_UpdateInfo.md"的更新说明;
N */
N//=== 防重复定义
N#ifndef _XC_TypeInternal_h_
N#define _XC_TypeInternal_h_
N//=== 头文件
N#include "Internal/XC_List.h"
L 1 "..\..\code\include\Internal/XC_List.h" 1
N/**
N * @file        XC_List.h
N * @brief       链表操作的声明
N * @author      libertyzx (libertyzx@163.com)
N * @version     2.0
N * @date        2025/11/26
N * **********************************************
N * @copyright   Copyright (c) 2024 libertyzx. All rights reserved.
N * @license     This project is released under the MIT License.
N * **********************************************
N * @details     链表操作的函数声明及类型定义;
N *  本文件中所有类型都是内部使用;用户不要使用;
N * **********************************************
N *  修改日志
N *  - 见"XC_UpdateInfo.md"的更新说明;
N */
N//=== 防重复定义
N#ifndef _XC_List_H_
N#define _XC_List_H_
N
N/*
N ************************************************************************************************************|
N ************************************************ 我是分割线 ************************************************|
N ************************************************************************************************************|
N */
N/**数据类型 */
N
N/**
N * @brief   [内部]双向链表节点类型
N * @details
N *  普通节点和根节点都使用此类型;
N *  根节点只是标记的普通节点;
N *  32位下占8字节;
N */
Ntypedef struct XCListNode_t {
N    struct XCListNode_t* pNext; // 指向下个节点
N    struct XCListNode_t* pPrev; // 指向上个节点
N} XCListNode_t;
N
N/*
N ************************************************************************************************************|
N ************************************************ 我是分割线 ************************************************|
N ************************************************************************************************************|
N */
N/**初始化操作 */
N
N/**
N * @brief       [内部]初始化节点
N * @param[in]   pNode   [XCListNode_t*]需要初始化的节点
N * @details     初始化节点时使用,指向自己,优化为宏;
N */
N#define XCList_InitNode(_pNode)     \
N    {                               \
N        (_pNode)->pNext = (_pNode); \
N        (_pNode)->pPrev = (_pNode); \
N    }
X#define XCList_InitNode(_pNode)         {                                       (_pNode)->pNext = (_pNode);         (_pNode)->pPrev = (_pNode);     }
N
N/**
N * @brief       [内部]初始化链表
N * @param[in]   pList   需要初始化的链表
N * @details     初始化链表时使用
N */
N#define XCList_Init(_pList) XCList_InitNode(_pList)
N
N/************************************************ 我是分割线 ************************************************/
N/**链表节点操作 */
N
N/**
N * @brief       [内部]将新节点插入某节点之前
N * @param[in]   pListNode   [XCListNode_t*]要插入位置的节点
N * @param[in]   pNewNode    [XCListNode_t*]新节点
N * @details     只插入节点;
N */
Nvoid XCList_InsertNodeBefore(XCListNode_t* pListNode, XCListNode_t* pNewNode);
N
N/**
N * @brief       [内部]将节点移动到某个节点之前
N * @param[in]   pDestNode   [XCListNode_t*]目标节点
N * @param[in]   pSrcNode    [XCListNode_t*]需要移动的节点
N * @details
N *  将节点从原先链表中移除,并移动到目标节点之前;
N */
Nvoid XCList_MoveNodeBefore(XCListNode_t* pDestNode, XCListNode_t* pSrcNode);
N
N/**
N * @brief       [内部]从链表中移除一个节点
N * @param[in]   pNode   [XCListNode_t*]需要删除的节点
N * @details     只处理链表节点部分,不影响节点挂载的其他数据;
N */
Nvoid XCList_Remove(XCListNode_t* pNode);
N
N/************************************************ 我是分割线 ************************************************/
N/**基础判断 */
N
N/**
N * @brief       [内部]链表是否有效
N * @param[in]   _pList [XCListNode_t*]链表指针
N * @return      boot
N * @retval      0 : 没有节点
N * @retval      1 : 有节点
N * @details     判断一个链表的是否有效(是否有节点)
N */
N#define XCList_ListValid(_pList)            ((_pList) != ((_pList)->pNext))
N
N/**
N * @brief       [内部]节点是否到达结尾节点
N * @param[in]   _pList  [XCListNode_t*]链表指针
N * @param[in]   _pNode  [XCListNode_t*]节点指针
N * @return      boot
N * @retval      0 : 没有到达结尾节点
N * @retval      1 : 到达结尾节点(节点和链表根地址相同)
N * @details     用于遍历链表时,判断遍历的节点是否到达根节点(既是否结束遍历)
N */
N#define XCList_ReachEndNode(_pList, _pNode) ((_pList) == (_pNode))
N
N/**
N * @brief       [内部]获取链表的开始节点
N * @param[in]   _pList  [XCListNode_t*]链表地址
N * @return      XCListNode_t*   返回节点地址
N * @details     得到当前链表的开始地址
N */
N#define XCList_GetListStartNode(_pList)     ((_pList)->pNext)
N
N/************************************************ 我是分割线 ************************************************/
N/**链表操作 */
N
N/**
N * @brief       [内部]将一个链表全部移动到另个链表的一个节点前
N * @param[in]   pDestNode   需要移入链表的节点(链表将移动到此节点前)
N * @param[in]   pSrcList    需要移动的链表
N * @details  转移完节点后的链表会被清除;
N *  - 注意:不要移动自己;
N */
Nvoid XCList_MoveListToNodeBefore(XCListNode_t* pDestNode, XCListNode_t* pSrcList);
N
N/************************************************ 我是分割线 ************************************************/
N/*
N ************************************************************************************************************|
N ************************************************ 我是分割线 ************************************************|
N ************************************************************************************************************|
N */
N//=== 文件结束
N#endif
L 21 "..\..\code\include\Internal/XC_TypeInternal.h" 2
N#include "XC_Config.h"
L 1 "..\..\code\include\XC_Config.h" 1
N/**
N * @file        XC_Config.h
N * @brief       配置
N * @author      libertyzx (libertyzx@163.com)
N * @version     2.00
N * @date        2025/11/26
N * **********************************************
N * @copyright   Copyright (c) 2024 libertyzx. All rights reserved.
N * @license     This project is released under the MIT License.
N * **********************************************
N * @details     用于存放"XCOS"的配置参数;
N * **********************************************
N *  修改日志
N *  - 见"XC_UpdateInfo.md"的更新说明;
N */
N//=== 防重复定义
N#ifndef _XC_Config_H_
N#define _XC_Config_H_
N//=== 头文件
N#include <stddef.h>
L 1 "C:\Software\Keil\MDK5\ARM\ARMCC\Bin\..\include\stddef.h" 1
N/* stddef.h: ANSI 'C' (X3J11 Oct 88) library header, section 4.1.4 */
N
N/* Copyright (C) ARM Ltd., 1999
N * All rights reserved
N * RCS $Revision$
N * Checkin $Date$
N * Revising $Author: agrant $
N */
N
N/* Copyright (C) Codemist Ltd., 1988                            */
N/* Copyright 1991 ARM Limited. All rights reserved.             */
N/* version 0.05 */
N
N/*
N * The following types and macros are defined in several headers referred to in
N * the descriptions of the functions declared in that header. They are also
N * defined in this header file.
N */
N
N#ifndef __stddef_h
N#define __stddef_h
N#define __ARMCLIB_VERSION 5060044
N
N  #ifndef __STDDEF_DECLS
N  #define __STDDEF_DECLS
N    #undef __CLIBNS
N    #ifdef __cplusplus
S        namespace std {
S        #define __CLIBNS ::std::
S        extern "C" {
N    #else
N      #define __CLIBNS
N    #endif  /* __cplusplus */
N
N#if __sizeof_ptr == 8
X#if 4 == 8
S  typedef signed long ptrdiff_t;
N#else
N  typedef signed int ptrdiff_t;
N#endif
N
N#if defined(__cplusplus) || !defined(__STRICT_ANSI__)
X#if 0L || !0L
N /* unconditional in C++ and non-strict C for consistency of debug info */
N  #if __sizeof_ptr == 8
X  #if 4 == 8
S    typedef unsigned long size_t;   /* see <stddef.h> */
N  #else
N    typedef unsigned int size_t;   /* see <stddef.h> */
N  #endif
N#elif !defined(__size_t)
X#elif !0L
S  #define __size_t 1
S  #if __sizeof_ptr == 8
S    typedef unsigned long size_t;   /* see <stddef.h> */
S  #else
S    typedef unsigned int size_t;   /* see <stddef.h> */
S  #endif
S   /* the unsigned integral type of the result of the sizeof operator. */
N#endif
N
N#ifndef __cplusplus  /* wchar_t is a builtin type for C++ */
N  #if !defined(__STRICT_ANSI__)
X  #if !0L
N  /* unconditional in non-strict C for consistency of debug info */
N    #if defined(__WCHAR32) || (defined(__ARM_SIZEOF_WCHAR_T) && __ARM_SIZEOF_WCHAR_T == 4)
X    #if 0L || (0L && __ARM_SIZEOF_WCHAR_T == 4)
S      typedef unsigned int wchar_t; /* also in <stdlib.h> and <inttypes.h> */
N    #else
N      typedef unsigned short wchar_t; /* also in <stdlib.h> and <inttypes.h> */
N    #endif
N  #elif !defined(__wchar_t)
X  #elif !0L
S    #define __wchar_t 1
S    #if defined(__WCHAR32) || (defined(__ARM_SIZEOF_WCHAR_T) && __ARM_SIZEOF_WCHAR_T == 4)
S      typedef unsigned int wchar_t; /* also in <stdlib.h> and <inttypes.h> */
S    #else
S      typedef unsigned short wchar_t; /* also in <stdlib.h> and <inttypes.h> */
S    #endif
S   /*
S    * An integral type whose range of values can represent distinct codes for
S    * all members of the largest extended character set specified among the
S    * supported locales; the null character shall have the code value zero and
S    * each member of the basic character set shall have a code value when used
S    * as the lone character in an integer character constant.
S    */
N  #endif
N#endif
N
N#undef NULL  /* others (e.g. <stdio.h>) also define */
N#define NULL 0
N   /* null pointer constant. */
N
N#ifdef __clang__
S  #define offsetof(t, d) __builtin_offsetof(t, d)
N#else
N  /* EDG uses __INTADDR__ to avoid errors when strict */
N  #define offsetof(t, memb) ((__CLIBNS size_t)__INTADDR__(&(((t *)0)->memb)))
N#endif
N
N#if !defined(__STRICT_ANSI__) || (defined(__STDC_VERSION__) && 201112L <= __STDC_VERSION__) || (defined(__cplusplus) && 201103L <= __cplusplus)
X#if !0L || (1L && 201112L <= 199901L) || (0L && 201103L <= __cplusplus)
N  typedef long double max_align_t;
N#endif
N
N    #ifdef __cplusplus
S         }  /* extern "C" */
S      }  /* namespace std */
N    #endif /* __cplusplus */
N  #endif /* __STDDEF_DECLS */
N
N
N  #ifdef __cplusplus
S    #ifndef __STDDEF_NO_EXPORTS
S      using ::std::size_t;
S      using ::std::ptrdiff_t;
S      #if !defined(__STRICT_ANSI__) || (defined(__cplusplus) && 201103L <= __cplusplus)
S        using ::std::max_align_t;
S      #endif
S    #endif 
N  #endif /* __cplusplus */
N
N#endif
N
N/* end of stddef.h */
N
L 21 "..\..\code\include\XC_Config.h" 2
N#include <stdint.h>
L 1 "C:\Software\Keil\MDK5\ARM\ARMCC\Bin\..\include\stdint.h" 1
N/* Copyright (C) ARM Ltd., 1999,2014 */
N/* All rights reserved */
N
N/*
N * RCS $Revision$
N * Checkin $Date$
N * Revising $Author: agrant $
N */
N
N#ifndef __stdint_h
N#define __stdint_h
N#define __ARMCLIB_VERSION 5060044
N
N  #ifdef __INT64_TYPE__
S    /* armclang predefines '__INT64_TYPE__' and '__INT64_C_SUFFIX__' */
S    #define __INT64 __INT64_TYPE__
N  #else
N    /* armcc has builtin '__int64' which can be used in --strict mode */
N    #define __INT64 __int64
N    #define __INT64_C_SUFFIX__ ll
N  #endif
N  #define __PASTE2(x, y) x ## y
N  #define __PASTE(x, y) __PASTE2(x, y)
N  #define __INT64_C(x)  __ESCAPE__(__PASTE(x, __INT64_C_SUFFIX__))
N  #define __UINT64_C(x)  __ESCAPE__(__PASTE(x ## u, __INT64_C_SUFFIX__))
N  #if defined(__clang__) || (defined(__ARMCC_VERSION) && !defined(__STRICT_ANSI__))
X  #if 0L || (1L && !0L)
N    /* armclang and non-strict armcc allow 'long long' in system headers */
N    #define __LONGLONG long long
N  #else
S    /* strict armcc has '__int64' */
S    #define __LONGLONG __int64
N  #endif
N
N  #ifndef __STDINT_DECLS
N  #define __STDINT_DECLS
N
N    #undef __CLIBNS
N
N    #ifdef __cplusplus
S      namespace std {
S          #define __CLIBNS std::
S          extern "C" {
N    #else
N      #define __CLIBNS
N    #endif  /* __cplusplus */
N
N
N/*
N * 'signed' is redundant below, except for 'signed char' and if
N * the typedef is used to declare a bitfield.
N */
N
N    /* 7.18.1.1 */
N
N    /* exact-width signed integer types */
Ntypedef   signed          char int8_t;
Ntypedef   signed short     int int16_t;
Ntypedef   signed           int int32_t;
Ntypedef   signed       __INT64 int64_t;
Xtypedef   signed       __int64 int64_t;
N
N    /* exact-width unsigned integer types */
Ntypedef unsigned          char uint8_t;
Ntypedef unsigned short     int uint16_t;
Ntypedef unsigned           int uint32_t;
Ntypedef unsigned       __INT64 uint64_t;
Xtypedef unsigned       __int64 uint64_t;
N
N    /* 7.18.1.2 */
N
N    /* smallest type of at least n bits */
N    /* minimum-width signed integer types */
Ntypedef   signed          char int_least8_t;
Ntypedef   signed short     int int_least16_t;
Ntypedef   signed           int int_least32_t;
Ntypedef   signed       __INT64 int_least64_t;
Xtypedef   signed       __int64 int_least64_t;
N
N    /* minimum-width unsigned integer types */
Ntypedef unsigned          char uint_least8_t;
Ntypedef unsigned short     int uint_least16_t;
Ntypedef unsigned           int uint_least32_t;
Ntypedef unsigned       __INT64 uint_least64_t;
Xtypedef unsigned       __int64 uint_least64_t;
N
N    /* 7.18.1.3 */
N
N    /* fastest minimum-width signed integer types */
Ntypedef   signed           int int_fast8_t;
Ntypedef   signed           int int_fast16_t;
Ntypedef   signed           int int_fast32_t;
Ntypedef   signed       __INT64 int_fast64_t;
Xtypedef   signed       __int64 int_fast64_t;
N
N    /* fastest minimum-width unsigned integer types */
Ntypedef unsigned           int uint_fast8_t;
Ntypedef unsigned           int uint_fast16_t;
Ntypedef unsigned           int uint_fast32_t;
Ntypedef unsigned       __INT64 uint_fast64_t;
Xtypedef unsigned       __int64 uint_fast64_t;
N
N    /* 7.18.1.4 integer types capable of holding object pointers */
N#if __sizeof_ptr == 8
X#if 4 == 8
Stypedef   signed       __INT64 intptr_t;
Stypedef unsigned       __INT64 uintptr_t;
N#else
Ntypedef   signed           int intptr_t;
Ntypedef unsigned           int uintptr_t;
N#endif
N
N    /* 7.18.1.5 greatest-width integer types */
Ntypedef   signed     __LONGLONG intmax_t;
Xtypedef   signed     long long intmax_t;
Ntypedef unsigned     __LONGLONG uintmax_t;
Xtypedef unsigned     long long uintmax_t;
N
N
N#if !defined(__cplusplus) || defined(__STDC_LIMIT_MACROS)
X#if !0L || 0L
N
N    /* 7.18.2.1 */
N
N    /* minimum values of exact-width signed integer types */
N#define INT8_MIN                   -128
N#define INT16_MIN                -32768
N#define INT32_MIN          (~0x7fffffff)   /* -2147483648 is unsigned */
N#define INT64_MIN  __INT64_C(~0x7fffffffffffffff) /* -9223372036854775808 is unsigned */
N
N    /* maximum values of exact-width signed integer types */
N#define INT8_MAX                    127
N#define INT16_MAX                 32767
N#define INT32_MAX            2147483647
N#define INT64_MAX  __INT64_C(9223372036854775807)
N
N    /* maximum values of exact-width unsigned integer types */
N#define UINT8_MAX                   255
N#define UINT16_MAX                65535
N#define UINT32_MAX           4294967295u
N#define UINT64_MAX __UINT64_C(18446744073709551615)
N
N    /* 7.18.2.2 */
N
N    /* minimum values of minimum-width signed integer types */
N#define INT_LEAST8_MIN                   -128
N#define INT_LEAST16_MIN                -32768
N#define INT_LEAST32_MIN          (~0x7fffffff)
N#define INT_LEAST64_MIN  __INT64_C(~0x7fffffffffffffff)
N
N    /* maximum values of minimum-width signed integer types */
N#define INT_LEAST8_MAX                    127
N#define INT_LEAST16_MAX                 32767
N#define INT_LEAST32_MAX            2147483647
N#define INT_LEAST64_MAX  __INT64_C(9223372036854775807)
N
N    /* maximum values of minimum-width unsigned integer types */
N#define UINT_LEAST8_MAX                   255
N#define UINT_LEAST16_MAX                65535
N#define UINT_LEAST32_MAX           4294967295u
N#define UINT_LEAST64_MAX __UINT64_C(18446744073709551615)
N
N    /* 7.18.2.3 */
N
N    /* minimum values of fastest minimum-width signed integer types */
N#define INT_FAST8_MIN           (~0x7fffffff)
N#define INT_FAST16_MIN          (~0x7fffffff)
N#define INT_FAST32_MIN          (~0x7fffffff)
N#define INT_FAST64_MIN  __INT64_C(~0x7fffffffffffffff)
N
N    /* maximum values of fastest minimum-width signed integer types */
N#define INT_FAST8_MAX             2147483647
N#define INT_FAST16_MAX            2147483647
N#define INT_FAST32_MAX            2147483647
N#define INT_FAST64_MAX  __INT64_C(9223372036854775807)
N
N    /* maximum values of fastest minimum-width unsigned integer types */
N#define UINT_FAST8_MAX            4294967295u
N#define UINT_FAST16_MAX           4294967295u
N#define UINT_FAST32_MAX           4294967295u
N#define UINT_FAST64_MAX __UINT64_C(18446744073709551615)
N
N    /* 7.18.2.4 */
N
N    /* minimum value of pointer-holding signed integer type */
N#if __sizeof_ptr == 8
X#if 4 == 8
S#define INTPTR_MIN INT64_MIN
N#else
N#define INTPTR_MIN INT32_MIN
N#endif
N
N    /* maximum value of pointer-holding signed integer type */
N#if __sizeof_ptr == 8
X#if 4 == 8
S#define INTPTR_MAX INT64_MAX
N#else
N#define INTPTR_MAX INT32_MAX
N#endif
N
N    /* maximum value of pointer-holding unsigned integer type */
N#if __sizeof_ptr == 8
X#if 4 == 8
S#define UINTPTR_MAX UINT64_MAX
N#else
N#define UINTPTR_MAX UINT32_MAX
N#endif
N
N    /* 7.18.2.5 */
N
N    /* minimum value of greatest-width signed integer type */
N#define INTMAX_MIN  __ESCAPE__(~0x7fffffffffffffffll)
N
N    /* maximum value of greatest-width signed integer type */
N#define INTMAX_MAX  __ESCAPE__(9223372036854775807ll)
N
N    /* maximum value of greatest-width unsigned integer type */
N#define UINTMAX_MAX __ESCAPE__(18446744073709551615ull)
N
N    /* 7.18.3 */
N
N    /* limits of ptrdiff_t */
N#if __sizeof_ptr == 8
X#if 4 == 8
S#define PTRDIFF_MIN INT64_MIN
S#define PTRDIFF_MAX INT64_MAX
N#else
N#define PTRDIFF_MIN INT32_MIN
N#define PTRDIFF_MAX INT32_MAX
N#endif
N
N    /* limits of sig_atomic_t */
N#define SIG_ATOMIC_MIN (~0x7fffffff)
N#define SIG_ATOMIC_MAX   2147483647
N
N    /* limit of size_t */
N#if __sizeof_ptr == 8
X#if 4 == 8
S#define SIZE_MAX UINT64_MAX
N#else
N#define SIZE_MAX UINT32_MAX
N#endif
N
N    /* limits of wchar_t */
N    /* NB we have to undef and redef because they're defined in both
N     * stdint.h and wchar.h */
N#undef WCHAR_MIN
N#undef WCHAR_MAX
N
N#if defined(__WCHAR32) || (defined(__ARM_SIZEOF_WCHAR_T) && __ARM_SIZEOF_WCHAR_T == 4)
X#if 0L || (0L && __ARM_SIZEOF_WCHAR_T == 4)
S  #define WCHAR_MIN   0
S  #define WCHAR_MAX   0xffffffffU
N#else
N  #define WCHAR_MIN   0
N  #define WCHAR_MAX   65535
N#endif
N
N    /* limits of wint_t */
N#define WINT_MIN (~0x7fffffff)
N#define WINT_MAX 2147483647
N
N#endif /* __STDC_LIMIT_MACROS */
N
N#if !defined(__cplusplus) || defined(__STDC_CONSTANT_MACROS)
X#if !0L || 0L
N
N    /* 7.18.4.1 macros for minimum-width integer constants */
N#define INT8_C(x)   (x)
N#define INT16_C(x)  (x)
N#define INT32_C(x)  (x)
N#define INT64_C(x)  __INT64_C(x)
N
N#define UINT8_C(x)  (x ## u)
N#define UINT16_C(x) (x ## u)
N#define UINT32_C(x) (x ## u)
N#define UINT64_C(x) __UINT64_C(x)
N
N    /* 7.18.4.2 macros for greatest-width integer constants */
N#define INTMAX_C(x)  __ESCAPE__(x ## ll)
N#define UINTMAX_C(x) __ESCAPE__(x ## ull)
N
N#endif /* __STDC_CONSTANT_MACROS */
N
N    #ifdef __cplusplus
S         }  /* extern "C" */
S      }  /* namespace std */
N    #endif /* __cplusplus */
N  #endif /* __STDINT_DECLS */
N
N  #ifdef __cplusplus
S    #ifndef __STDINT_NO_EXPORTS
S      using ::std::int8_t;
S      using ::std::int16_t;
S      using ::std::int32_t;
S      using ::std::int64_t;
S      using ::std::uint8_t;
S      using ::std::uint16_t;
S      using ::std::uint32_t;
S      using ::std::uint64_t;
S      using ::std::int_least8_t;
S      using ::std::int_least16_t;
S      using ::std::int_least32_t;
S      using ::std::int_least64_t;
S      using ::std::uint_least8_t;
S      using ::std::uint_least16_t;
S      using ::std::uint_least32_t;
S      using ::std::uint_least64_t;
S      using ::std::int_fast8_t;
S      using ::std::int_fast16_t;
S      using ::std::int_fast32_t;
S      using ::std::int_fast64_t;
S      using ::std::uint_fast8_t;
S      using ::std::uint_fast16_t;
S      using ::std::uint_fast32_t;
S      using ::std::uint_fast64_t;
S      using ::std::intptr_t;
S      using ::std::uintptr_t;
S      using ::std::intmax_t;
S      using ::std::uintmax_t;
S    #endif
N  #endif /* __cplusplus */
N
N#undef __INT64
N#undef __LONGLONG
N
N#endif /* __stdint_h */
N
N/* end of stdint.h */
L 22 "..\..\code\include\XC_Config.h" 2
N
N/*
N ************************************************************************************************************|
N ************************************************ 我是分割线 ************************************************|
N ************************************************************************************************************|
N */
N//=== 需要配置的参数
N
N/**
N * @brief   [用户]XCOS基础数据类型
N * @details
N *  默认32位,用于系统滴答计数的数据
N *  一般不用改
N */
N#ifndef XC_Tick_t
N#define XC_Tick_t uint32_t
N#endif
N
N/************************************************ 我是分割线 ************************************************/
N
N/**
N * @brief   [内部]最大任务数
N * @details
N *  因为是协作式调度,任务数太多会导致每个任务运行卡顿;
N *  这个参数限制最大能注册的任务;
N *  数值范围:10~255;
N *  默认:100
N */
N#ifndef XC_CFG_MAX_TASKS
N#define XC_CFG_MAX_TASKS (100)
N#endif
N
N/************************************************ 我是分割线 ************************************************/
N
N/**
N * @brief   [内部]系统每秒滴答数(滴答计数频率)
N * @details
N *  单位Hz,是系统最小的时间单位;
N *  最大值是1000000Hz;对应时间是1us;
N *  一般设置1000,对应时间为1ms;
N */
N#ifndef XC_CFG_TICKS_PER_SEC
N#define XC_CFG_TICKS_PER_SEC (1000)
N#endif
N
N/************************************************ 我是分割线 ************************************************/
N
N/**
N * @brief   [内部]系统滴答计数实现
N * @details
N *  滴答计数是一个累加值,累加时间必须和"XC_CFG_TICKS_PER_SEC"时间一致;
N *  此值会在操作中被读取,作为时间计算的依据;
N *  系统滴答计数可用2种方式使用:
N *--- 方式1:中断累加形式(默认);
N *  用一个变量在定时器中累加,每一个滴答时间则+1;
N *  在此模式下,系统已经定义了一个全局变量"g_SysTickCount"(位于"XC_Sch.c"文件),
N *  并同时在本文件中做了"外部声明全局滴答时间计数";
N *  用户只需要做以下处理即可:
N *      1.创建定时器,按"XC_CFG_TICKS_PER_SEC"计数;
N *      2.在定时器中累加系统滴答计数,即调用"XC_AccSysTickCount()"函数;
N *--- 方式2:计数器形式;
N *  因为协程并不需要中断来切换上下文,所以为了使效率最高可以用一个计数器来做系统滴答计数;
N *  宏"XC_SYS_TICK_COUNT"作为一个计数器的函数的返回值(或其本身寄存器值);
N *  用户需要处理:
N *      1.创建定时器,按"XC_CFG_TICKS_PER_SEC"计数;
N *      2.将计数值作为"XC_SYS_TICK_COUNT"的指向;
N *  注意:
N *      计数器必须是32位计数器;
N *      宏"XC_SYS_TICK_COUNT"会频繁只读调用,注意寄存器读取效率;
N */
N#ifndef XC_SYS_TICK_COUNT
N
N#define _XC_SysTickIntIncMode_            // [默认]以中断递增的模式形式
Nextern volatile XC_Tick_t g_SysTickCount; // 外部声明全局滴答时间计数
Xextern volatile uint32_t g_SysTickCount; 
N#define XC_SYS_TICK_COUNT g_SysTickCount  // 调用滴答时间计数
N
N#endif
N
N/*
N ************************************************************************************************************|
N ************************************************ 我是分割线 ************************************************|
N ************************************************************************************************************|
N */
N//=== 文件结束
N#endif
L 22 "..\..\code\include\Internal/XC_TypeInternal.h" 2
N
N/*
N ************************************************************************************************************|
N ************************************************ 我是分割线 ************************************************|
N ************************************************************************************************************|
N */
N
N/** 协程底层实现("ANSI-C"和"GNU-C"区分) */
N#ifdef __GNUC__
N#include "Internal/XC_CorGNU.h" //运行"GNU-C"库
L 1 "..\..\code\include\Internal/XC_CorGNU.h" 1
N/**
N * @file        XC_CorGNU.h
N * @brief       协程库(GNU-C实现)
N * @author      libertyzx (libertyzx@163.com)
N * @version     0.4
N * @date        2025/09/24
N * **********************************************
N * @copyright   Copyright (c) 2018 libertyzx. All rights reserved.
N * @license     This project is released under the MIT License.
N * **********************************************
N * @details
N *  在GUN环境下,使用"goto label"来实现协程;
N *  goto标签由"__func__"和"__LINE__"组合而成, 断点直接获取标签地址;
N *  使用"goto *标签地址"即可跳转到指定标签;
N *  使用协程库后,每个文件代码行数不能超过65535;
N * **********************************************
N *  修改日志
N *  - 2018/04/16
N *      - 版本:0.1
N *      - 初始编写
N *  - 2022/08/15
N *      - 版本:0.2
N *      - 修改断点在断点标号前加'_',为了防止数字开头的文件,导致标号不符合c语言规范;
N *      - "_COR_End"添加goto结束断点;
N *  - 2023/12/21
N *      - 版本:0.3
N *      - 增加"_COR_Break"直接跳出协程;
N *  - 2024/03/23
N *      - 版本:0.4
N *      - 删除宏中的"do{}while(0)"操作;
N */
N//=== 防重复定义
N#ifndef _XC_CorGNU_h_
N#define _XC_CorGNU_h_
N
N/*
N ************************************************************************************************************|
N ************************************************ 我是分割线 ************************************************|
N ************************************************************************************************************|
N */
N/** 数据类型 */
N
N/**
N * @brief       协程断点类型
N * @details     用于保存断点的地址;
N */
Ntypedef void* COR_BP_t;
N
N/*
N ************************************************************************************************************|
N ************************************************ 我是分割线 ************************************************|
N ************************************************************************************************************|
N */
N/** 协程实现 */
N
N//=== 基础函数宏 ==============================================================|
N
N/**
N * @brief       [私有]协程-组合断点标志
N * @param[in]   S1  [字符]goto标签前缀
N * @param[in]   S1  [字符]goto标签后缀
N * @details
N *  使用了"##"字符连接符,所以展开需要2次才能得到标签;
N */
N#define _COR_BP2(S1, S2) _##S1##S2
N#define _COR_BP(S1, S2)  _COR_BP2(S1, S2)
N
N/**
N * @brief       协程-断点初始化
N * @param[in]   BP  [COR_BP_t]协程断点
N * @details     初始化断点;
N */
N#define _COR_Init(BP)    ((BP) = NULL)
N
N/**
N * @brief       协程-代码开头
N * @param[in]   BP  [COR_BP_t]协程断点
N * @details     协程块的开始(状态机的开始);
N */
N#define _COR_Start(BP)   \
N    {                    \
N        if(BP != NULL) { \
N            goto* BP;    \
N        }                \
N    }
X#define _COR_Start(BP)       {                            if(BP != NULL) {             goto* BP;            }                    }
N
N/**
N * @brief       协程-设置断点
N * @param[in]   BP  [COR_BP_t]协程断点
N * @details     保存当前行的标签地址;
N */
N#define _COR_SetBP(BP)                        \
N    {                                         \
N        /*保存并设置断点(函数名+行号)*/       \
N        (BP) = &&_COR_BP(__func__, __LINE__); \
N        _COR_BP(__func__, __LINE__) :;        \
N    }
X#define _COR_SetBP(BP)                            {                                                                 (BP) = &&_COR_BP(__func__, __LINE__);         _COR_BP(__func__, __LINE__) :;            }
N
N/**
N * @brief       协程-跳出
N * @param[in]   BP  [COR_BP_t]协程断点
N * @details     直接跳出协程
N */
N#define _COR_Break(BP) \
N    goto _XCCOR_GOTO_End;
X#define _COR_Break(BP)     goto _XCCOR_GOTO_End;
N
N/**
N * @brief       协程-设置断点并跳出
N * @param[in]   BP  [COR_BP_t]协程断点
N * @details     保存当前行的标签地址,然后跳出;
N */
N#define _COR_SetBPBreak(BP)                     \
N    {                                           \
N        /*保存并设置断点(函数名+行号)然后跳出*/ \
N        (BP) = &&_COR_BP(__func__, __LINE__);   \
N        goto _XCCOR_GOTO_End;                   \
N        _COR_BP(__func__, __LINE__) :;          \
N    }
X#define _COR_SetBPBreak(BP)                         {                                                             (BP) = &&_COR_BP(__func__, __LINE__);           goto _XCCOR_GOTO_End;                           _COR_BP(__func__, __LINE__) :;              }
N
N/**
N * @brief       协程-代码结束
N * @details     协程块的结束(状态机的结尾);
N */
N#define _COR_End() \
N    _XCCOR_GOTO_End: /*结束跳转标志*/
X#define _COR_End()     _XCCOR_GOTO_End:  
N
N/*
N ************************************************************************************************************|
N ************************************************ 我是分割线 ************************************************|
N ************************************************************************************************************|
N */
N//=== 文件结束
N#endif
L 32 "..\..\code\include\Internal/XC_TypeInternal.h" 2
N#else
S#include "Internal/XC_CorANSI.h" //运行"ANSI-C"库
N#endif
N
N/*
N ************************************************************************************************************|
N ************************************************ 我是分割线 ************************************************|
N ************************************************************************************************************|
N */
N/** 数据类型 */
N
N/**
N * @brief   [用户]XCOS句柄
N * @details
N *  用于记录XCOS实例的数据,一个工程中开源有多个XCOS实例,用此句柄区分;
N *  字节数说明(32bit): 8*4+4*2+4+4 = 48Byte
N */
Nstruct XCOS_t {
N    // 链表
N    XCListNode_t ReadyList;        // 就绪链表
N    XCListNode_t TimeList;         // 延时/超时/等待的链表
N    XCListNode_t TimeOverflowList; // 时间溢出的链表
N    XCListNode_t BlockedList;      // 阻塞链表
N
N    XCListNode_t* pNextReadyNode; // 下个就绪的节点,位于就绪表
N
N    XC_Tick_t PrevTick; // 上个Tick,用于判断Tick溢出,在时间处理中时间表更新时更新
X    uint32_t PrevTick; 
N
N    uint8_t TaskNum; // 任务数量
N    uint8_t Lock;    // 锁(1锁定;0解锁),用于中断处理
N
N    uint8_t TaskSchedTrigger;   // 任务调度触发(用于通知,挂起,恢复异步操作触发)
N    uint8_t TaskSchedProcessed; // 任务调度处理(用于通知,挂起,恢复异步操作触发后处理)
N    /**
N     * @brief       框架空闲处理回调
N     * @param[in]   phXCOS      [XC_OSHandle_t]框架句柄
N     * @param[in]   IdleTick    [XC_Tick_t]空闲的Tick值(空闲多少个Tick)
N     * @details
N     *  在此回调函数中处理空闲相关事宜;
N     *  当函数被调用时,必定没有任务是就绪的,框架是空闲的;
N     *  若是在空闲时休眠系统,则需配置系统在"IdleTick"后唤醒框架;
N     *  若是系统Tick计数也停止了则需要更新Tick值:
N     *  - 系统Tick是定时器中断计数运行的,可以使用以下方式更新:
N     *      ```
N     *      volatile XC_Tick_t Tick;
N     *      Tick = XCTime_GetTick() + IdleTick;
N     *      XCTime_TickSet(Tick)
N     *      ```
N     *  - 系统Tick是一个计数器,则计数器等于"XCTime_GetTick() + IdleTick";
N     */
N    void (*fIdle)(struct XCOS_t*, XC_Tick_t);
X    void (*fIdle)(struct XCOS_t*, uint32_t);
N};
N
N/************************************************ 我是分割线 ************************************************/
N
N/**
N * @brief   [内部]XCOS核心断点类型
N * @details 用于创建上下文切换的断点标记
N */
Ntypedef COR_BP_t XCBP_t;
N
N/**
N * @brief   [用户]协程任务控制块(Task Control Block)
N * @details
N *  用于记录任务控制相关的数据,每个任务都需要一个独立的TCB;
N *  类型占字节数(32bit): 8+4*6+4+3=39Byte,补齐占:40Byte
N */
Ntypedef struct XC_TaskCB_t {
N    XCListNode_t   ListNode;            // 链表节点
N    struct XCOS_t* phXCOS;              // 任务所属的框架句柄
N    void (*fTask)(struct XC_TaskCB_t*); // 函数运行入口(任务入口)
N    XC_Tick_t TaskWakeTick;             // 任务下个唤醒的时间(0则一直阻塞)
X    uint32_t TaskWakeTick;             
N    XCBP_t    BP;                       // 协程断点(Break Point)
N
N    void* pParam;      // 传递的参数
N    void* pNotifyData; // 通知数据
N
N    uint8_t WakeType;  // 任务唤醒的类型("XC_WakeType_t"类型数据),用于判断是谁唤醒或者超时;
N    uint8_t TaskState; // 任务状态("XC_TaskState_t"类型数据);
N
N    uint8_t NotifyTrigger;   // 通知触发
N    uint8_t NotifyProcessed; // 通知触发处理
N
N    /**
N     *  以下三个变量用于处理任务挂起恢复;
N     *  主要用于任务挂起和恢复的异步操作;
N     *  "StateChangeType"的值为"XC_TaskState_t"类型中的:
N     *  - "XC_TASK_VOID"    : 未挂起
N     *  - "XC_TASK_SUSPEND" : 挂起
N     */
N    uint8_t StateChangeTrigger;   // 状态改变触发
N    uint8_t StateChangeProcessed; // 状态改变处理
N    uint8_t StateChangeType;      // 最后一次改变的是什么状态(XC_TASK_SUSPEND/XC_TASK_VOID)
N} XC_TaskCB_t;
N
N/*
N ************************************************************************************************************|
N ************************************************ 我是分割线 ************************************************|
N ************************************************************************************************************|
N */
N//=== 文件结束
N#endif
L 23 "..\..\code\include\XC_Type.h" 2
N
N/*
N ************************************************************************************************************|
N ************************************************ 我是分割线 ************************************************|
N ************************************************************************************************************|
N */
N/** 枚举类型 */
N
N/**
N * @brief   [用户]函数返回值
N */
Ntypedef enum {
N    XC_FAIL = -1, // 失败
N    XC_OK   = 0,  // 成功
N    XC_CONTINUE,  // 继续
N} XC_Retuen_t;
N
N/**
N * @brief   [用户]任务状态值(当前协程状态)
N */
Ntypedef enum {
N    XC_TASK_VOID = 0, // 空,被移除后的状态
N    XC_TASK_RUN,      // 运行
N    XC_TASK_READY,    // 就绪(注册后的状态)
N    XC_TASK_SUSPEND,  // [阻塞]挂起
N    /** 延时和等待通知会在代码中比较,所以要放在最后 */
N    XC_TASK_DELAY,       // [阻塞]延时
N    XC_TASK_WAIT_NOTIFY, // [阻塞]等待通知
N} XC_TaskState_t;
N
N/**
N * @brief   [用户]唤醒状态
N * @details
N *  注意,这里"XC_WAKE_NOTIFY"做了特殊化,固定0;
N *  因为在调用通知唤醒状态时会判断"XC_WAKE_NOTIFY",
N *  此配置为0时,编译器编译"Cortex-M*"编译优化小于"-O3"时可减少存储占用;
N */
Ntypedef enum {
N    XC_WAKE_NONE   = 1, // 无唤醒
N    XC_WAKE_TIME   = 2, // 时间到达唤醒
N    XC_WAKE_NOTIFY = 0, // 通知到达唤醒
N    XC_WAKE_RESUME = 3, // 任务挂起后恢复
N} XC_WakeType_t;
N
N/*
N ************************************************************************************************************|
N ************************************************ 我是分割线 ************************************************|
N ************************************************************************************************************|
N */
N/** 基础类型 */
N
N/**
N * @brief   [用户]XCOS基础数据类型
N * @details
N *  默认32位,用于系统滴答计数的数据
N *  一般不用改
N */
N/** "XC_Tick_t"在"XC_Config.h"文件定义 */
N
N/**
N * [用户]软件定时器计数类型
N */
Ntypedef struct {
N    XC_Tick_t TickCount;
X    uint32_t TickCount;
N    XC_Tick_t WaitCount;
X    uint32_t WaitCount;
N} XC_TimerTick_t;
N
N/************************************************ 我是分割线 ************************************************/
N/** 框架使用 */
N
N/**
N * @brief   [用户]XCOS框架实例
N * @details
N *  用于记录XCOS实例的数据,一个工程中开源有多个XCOS实例,用此类型区分;
N *  字节数说明(32bit): 48Byte
N */
Ntypedef struct XCOS_t XCOS_t;
N
N/**
N * @brief   [用户]XCOS框架句柄
N * @details
N *  不透明指针;
N *  对外提供的框架句柄指针,指向框架实例
N */
Ntypedef XCOS_t* XC_OSHandle_t;
N
N/************************************************ 我是分割线 ************************************************/
N/** 任务控制块 */
N
N/**
N * @brief   [用户]协程任务控制块(Task Control Block)的实例
N * @details
N *  用于记录任务控制相关的数据,每个任务都需要一个独立的TCB;
N *  类型占字节数(32bit):40Byte
N */
Ntypedef struct XC_TaskCB_t XC_TaskCB_t;
N
N/**
N * @brief   [用户]任务句柄
N * @details
N *  不透明指针;
N *  对外提供的任务句柄指针,指向任务实例
N */
Ntypedef XC_TaskCB_t* XC_TaskHandle_t;
N
N/*
N ************************************************************************************************************|
N ************************************************ 我是分割线 ************************************************|
N ************************************************************************************************************|
N */
N//=== 文件结束
N#endif
L 23 "..\..\code\include\XC_Task.h" 2
N
N/*
N ************************************************************************************************************|
N ************************************************ 我是分割线 ************************************************|
N ************************************************************************************************************|
N */
N/** 函数声明-[用户]基本任务操作 */
N
N/**
N * @brief       [用户]任务注册
N * @param[in]   phXCOS  框架句柄
N * @param[in]   phTCB   协程任务控制块
N * @param[in]   fTask   任务的函数指针(任务入口)
N * @param[in]   pParam  传递给任务的参数
N * @return      XC_Retuen_t
N * @retval      XC_OK :      注册成功
N * @retval      XC_FAIL :    注册失败,任务太多
N * @details
N *  **不可在中断中使用(有链表操作)**
N *  **不可多次注册同个任务(没有做重复判断,会发生未知情况)**
N */
NXC_Retuen_t XCTask_Reg(XC_OSHandle_t phXCOS, XC_TaskHandle_t phTCB, void (*fTask)(XC_TaskHandle_t), void* pParam);
N
N/**
N * @brief       [用户]任务移除
N * @param[in]   phTCB 协程控制块
N * @details
N *  **不可在中断中使用(有链表操作)**
N */
Nvoid XCTask_Remove(XC_TaskHandle_t phTCB);
N
N/**
N * @brief       [用户]任务复位
N * @param[in]   phTCB   协程控制块
N * @details
N *  **不可在中断中使用(有链表操作)**
N *  **不可复位自身(复位自身使用"XC_Reset")**
N */
Nvoid XCTask_Reset(XC_TaskHandle_t phTCB);
N
N/************************************************ 我是分割线 ************************************************/
N/** 函数声明-[用户]任务分步创建相关的用户函数 */
N
N/**
N * @brief       [用户]设置任务入口
N * @param[in]   phTCB   协程任务控制块
N * @param[in]   fTask   任务的函数指针(任务入口)
N * @param[in]   pParam  传递给任务的参数
N * @details
N *  **不可在中断中使用**
N *  只设置任务入口和传递给任务的参数;
N *  一般配合XCTask_Addk"使用;
N */
Nvoid XCTask_SetEntry(XC_TaskHandle_t phTCB, void (*fTask)(XC_TaskHandle_t), void* pParam);
N
N/**
N * @brief   [用户]添加任务
N * @param   phXCOS  框架句柄
N * @param   phTCB   协程任务控制块
N * @return  XC_Retuen_t
N * @retval  XC_OK :      注册成功
N * @retval  XC_FAIL :    注册失败,任务太多
N * @details
N *  **不可在中断中使用(有链表操作)**
N *  添加的任务必须先调用"XCTask_SetEntry";
N *  设置好任务入口和传递的参数才可添加;
N */
NXC_Retuen_t XCTask_Add(XC_OSHandle_t phXCOS, XC_TaskHandle_t phTCB);
N
N/************************************************ 我是分割线 ************************************************/
N/** 函数声明-[用户]通知 | 挂起 | 挂起恢复 */
N
N/**
N * @brief       [用户]发送通知(void*)
N * @param[in]   phTCB       任务控制块
N * @param[in]   pNotifyData 通知传递的数据(void*)类型
N * @return      XC_Retuen_t
N * @retval      XC_OK :          通知成功
N * @retval      XC_CONTINUE :    任务已经唤醒(已在就绪表)
N * @retval      XC_FAIL :        任务被挂起
N * @details     发送通知,唤醒任务;
N */
NXC_Retuen_t XCTask_NotifySend(XC_TaskHandle_t phTCB, void* pNotifyData);
N
N/**
N * @brief       [用户]任务挂起
N * @param[in]   phTCB   任务控制块
N * @return      XC_Retuen_t
N * @retval      XC_OK :          挂起成功
N * @retval      XC_CONTINUE :    已经被挂起
N * @details
N *  **可在中断中调用**
N *  将任务挂起,本次任务运行完成后暂停任务;
N */
NXC_Retuen_t XCTask_Suspend(XC_TaskHandle_t phTCB);
N
N/**
N * @brief       [用户]任务挂起恢复
N * @param[in]   phTCB   任务控制块
N * @return      XC_Retuen_t
N * @retval      XC_OK :          恢复成功
N * @retval      XC_CONTINUE :    任务没有挂起
N * @details
N *  **可在中断中调用**
N *  只能恢复被挂起的任务;
N */
NXC_Retuen_t XCTask_Resume(XC_TaskHandle_t phTCB);
N
N/************************************************ 我是分割线 ************************************************/
N/** 以下是函数宏 */
N
N/**
N * @brief       [用户]获取任务注册时传递的参数(void*)
N * @return      void*   返回空指针类型数据;
N * @details
N *  **任意位置可调用;**
N *  用来获取任务参数;
N *  > 注意: 因为协程内上下文切换局部变量是不保存的,
N *  > 所以若是要使用传递的参数需要再"XC_Enter"前将参数赋值给变量;
N */
N#define XCTask_GetParam(_phTCB_) ((_phTCB_)->pParam)
N
N/**
N * @brief       [用户]获取任务运行状态
N * @param[in]   _phTCB_  [XC_TaskHandle_t]任务控制块
N * @return      XC_TaskState_t
N * @retval      XC_TASK_VOID :          空,被移除后的状态
N * @retval      XC_TASK_RUN :           运行
N * @retval      XC_TASK_READY :         就绪(注册后的状态)
N * @retval      XC_TASK_DELAY :         [阻塞]延时
N * @retval      XC_TASK_WAIT_NOTIFY :   [阻塞]等待通知
N * @retval      XC_TASK_SUSPEND :       [阻塞]挂起
N * @details     说明
N *  **任意位置可调用;**
N *  获取任务运行的状态;
N */
N#define XCTask_GetState(_phTCB_) ((_phTCB_)->TaskState)
N
N/**
N * @brief       [用户]更新通知数据(void*)
N * @param[in]   _phTCB_          [XC_TaskHandle_t]任务控制块
N * @param[in]   _pNotifyData    [void*]通知数据
N * @details
N *  **任意位置可调用;**
N *  在不使用任务通知的时候,可以用通知数据来传递数据;
N *  此函数用于更新(写)通知数据;
N */
N#define XCTask_UpdateNotifyData(_phTCB_, _pNotifyData) \
N    {                                                  \
N        (_phTCB_)->pNotifyData = (_pNotifyData);       \
N    }
X#define XCTask_UpdateNotifyData(_phTCB_, _pNotifyData)     {                                                          (_phTCB_)->pNotifyData = (_pNotifyData);           }
N
N/**
N * @brief       [用户]读取通知数据(void*)
N * @param[in]   _phTCB_  [XC_TaskHandle_t]任务控制块
N * @return      void*   返回通知数据
N * @details
N *  **任意位置可调用;**
N *  在不使用任务通知的时候,可以用通知数据来传递数据;
N *  此函数用于读取通知数据;
N */
N#define XCTask_ReadNotifyData(_phTCB_) ((_phTCB_)->pNotifyData)
N
N/*
N ************************************************************************************************************|
N ************************************************ 我是分割线 ************************************************|
N ************************************************************************************************************|
N */
N/** 协程块:开始/结束 */
N
N/**
N * @brief       [用户][协程]进入
N * @param[in]   _phTCB_  [XC_TaskHandle_t]任务控制块
N * @details
N *  **协程块的开始;**
N *  必须搭配"XC_Leave"使用;
N */
N#define XC_Enter(_phTCB_)                                        \
N    {                                                            \
N        /*全局变量转局部变量可加快运行速度*/                     \
N        XC_TaskHandle_t _phXCTCB_ = (_phTCB_);      /*得到PCB*/  \
N        XCBP_t*         _pXCPB_   = &_phXCTCB_->BP; /*得到断点*/ \
N        /*启动协程*/                                             \
N        _COR_Start(*_pXCPB_); /*启动*/
X#define XC_Enter(_phTCB_)                                            {                                                                                                  XC_TaskHandle_t _phXCTCB_ = (_phTCB_);                 XCBP_t*         _pXCPB_   = &_phXCTCB_->BP;                                                                 _COR_Start(*_pXCPB_);  
N
N/**
N * @brief       [用户][协程]离开
N * @details
N *  **协程块的结束;**
N *  必须搭配"XC_Enter"使用;
N */
N#define XC_Leave()       \
N    _COR_End(); /*结束*/ \
N    }
X#define XC_Leave()           _COR_End();       }
N
N/************************************************ 我是分割线 ************************************************/
N/** 协程块:协程控制,必须在协程块中调用 */
N
N/**
N * @brief       [用户][协程]让出控制
N * @details
N *  **必须在协程块中使用;**
N *  让出CPU的使用权,跳出协程,下次调度后从此处继续处理;
N */
N#define XC_Yield()                                               \
N    {                                                            \
N        _phXCTCB_->TaskState = XC_TASK_READY; /*任务状态:就绪*/  \
N        _COR_SetBPBreak(*_pXCPB_)             /*设置断点并跳出*/ \
N    }
X#define XC_Yield()                                                   {                                                                    _phXCTCB_->TaskState = XC_TASK_READY;            _COR_SetBPBreak(*_pXCPB_)                   }
N
N/**
N * @brief       [用户][协程]任务复位
N * @details
N *  **必须在协程块中使用;**
N *  复位当前在运行的任务;运行此宏后将立刻退出协程块
N */
N#define XC_Reset()               \
N    {                            \
N        XCTask_Reset(_phXCTCB_); \
N        _COR_Break(*_pXCPB_);    \
N    }
X#define XC_Reset()                   {                                    XCTask_Reset(_phXCTCB_);         _COR_Break(*_pXCPB_);        }
N
N/**
N * @brief       [用户][协程]协程块内获取任务注册时传递的参数(void*)
N * @return      void*   返回空指针类型数据;
N * @details
N *  **必须在协程块中使用;**
N *  用来获取参数;
N *  > 注意: 因为协程内上下文切换局部变量是不保存的,
N *  > 所以若是要使用传递的参数需要再"XC_Enter"前将参数赋值给变量;
N */
N#define XC_GetParam() (_phXCTCB_->pParam)
N
N/**
N * @brief       [用户][协程]将自身挂起
N * @details
N *  必须在协程块中使用;
N *  将自身挂起;
N */
N#define XC_Suspend()                                  \
N    {                                                 \
N        XCTask_Suspend(_phXCTCB_); /*任务挂起*/       \
N        _COR_SetBPBreak(*_pXCPB_); /*设置断点并跳出*/ \
N    }
X#define XC_Suspend()                                      {                                                         XCTask_Suspend(_phXCTCB_);                 _COR_SetBPBreak(*_pXCPB_);       }
N
N/**
N * @brief   [用户][协程]获取唤醒类型
N * @return  uint8_t   唤醒的类型,返回"XC_WakeType_t"类型数据;
N * @details
N *  必须在协程块中使用;
N *  在任务等待通知,延时,挂起等操作唤醒后确定唤醒源是什么;
N *  注意,唤醒源不会被清除,直到下次唤醒;
N */
N#define XC_GetWakeType() (_phXCTCB_->WakeType)
N
N/**
N * @brief   [用户][协程]移除自身
N * @details
N *  必须在协程块中使用;
N *  将自身移除;
N *  注意,唤醒源不会被清除,直到下次唤醒;
N */
N#define XC_Remove()                            \
N    {                                          \
N        XCTask_Remove(_phXCTCB_); /*移除任务*/ \
N        _COR_Break(*_pXCPB_);     /*直接跳出*/ \
N    }
X#define XC_Remove()                                {                                                  XCTask_Remove(_phXCTCB_);           _COR_Break(*_pXCPB_);           }
N
N/************************************************ 我是分割线 ************************************************/
N/** 协程块:延时处理,必须在协程块中调用 */
N
N/**
N * @brief       [用户][协程]延时n个Tick
N * @param[in]   _n  [XC_Tick_t]延时的值
N * @details
N *  **必须在协程块中使用;**
N *  让出CPU的使用权,延时_n个基础时钟;
N */
N#define XC_DelayTick(_n)                                            \
N    {                                                               \
N        _phXCTCB_->TaskState    = XC_TASK_DELAY; /*任务状态:延时*/  \
N        _phXCTCB_->WakeType     = XC_WAKE_NONE;  /*清唤醒类型*/     \
N        _phXCTCB_->TaskWakeTick = (_n);          /*保存时间*/       \
N        _COR_SetBPBreak(*_pXCPB_);               /*设置断点并跳出*/ \
N    }
X#define XC_DelayTick(_n)                                                {                                                                       _phXCTCB_->TaskState    = XC_TASK_DELAY;            _phXCTCB_->WakeType     = XC_WAKE_NONE;                _phXCTCB_->TaskWakeTick = (_n);                          _COR_SetBPBreak(*_pXCPB_);                     }
N
N/**
N * @brief       [用户][协程]延时us
N * @param[in]   _n  [XC_Tick_t]延时的值
N * @details
N *  **必须在协程块中使用;**
N *  让出CPU的使用权,延时_n个时间;
N *  > 注意:us延时必须要Tick计数在us时基上才能准确的调用;
N */
N#define XC_DelayUs(_n)  XC_DelayTick(XCTime_UsToTicks(_n))
N
N/**
N * @brief       [用户][协程]延时ms
N * @param[in]   _n  [XC_Tick_t]延时的值
N * @details
N *  **必须在协程块中使用;**
N *  让出CPU的使用权,延时_n个时间;
N */
N#define XC_DelayMs(_n)  XC_DelayTick(XCTime_MsToTicks(_n))
N
N/**
N * @brief       [用户][协程]延时s
N * @param[in]   _n  [XC_Tick_t]延时的值
N * @details
N *  **必须在协程块中使用;**
N *  让出CPU的使用权,延时_n个时间;
N */
N#define XC_DelaySec(_n) XC_DelayTick(XCTime_SecToTicks(_n))
N
N/************************************************ 我是分割线 ************************************************/
N/** 协程块:任务通知处理,必须在协程块中调用 */
N
N/**
N * @brief       [用户][协程]等待通知(单位:系统Tick)
N * @param[in]   _TickTimeout    [XC_Tick_t]超时时间,单位:系统Tick;注意:若参数为0则死等;
N * @details
N *  **必须在协程块中使用;**
N *  任务等待通知;
N *  唤醒后用"XC_GetNotifyWakeState"判断是否超时;
N *  注意:"TaskState"任务状态参数需要最先改变,防止出现临界段;
N */
N#define XC_WaitNotify(_TickTimeout)                                          \
N    {                                                                        \
N        _phXCTCB_->TaskState    = XC_TASK_WAIT_NOTIFY; /*任务状态:等待通知*/ \
N        _phXCTCB_->WakeType     = XC_WAKE_NONE;        /*唤醒类型:无唤醒*/   \
N        _phXCTCB_->TaskWakeTick = (_TickTimeout);      /*超时的时间*/        \
N        _COR_SetBPBreak(*_pXCPB_);                     /*设置断点并跳出*/    \
N    }
X#define XC_WaitNotify(_TickTimeout)                                              {                                                                                _phXCTCB_->TaskState    = XC_TASK_WAIT_NOTIFY;           _phXCTCB_->WakeType     = XC_WAKE_NONE;                    _phXCTCB_->TaskWakeTick = (_TickTimeout);                       _COR_SetBPBreak(*_pXCPB_);                              }
N
N/**
N * @brief       [用户][协程]等待通知(单位:ms)
N * @param[in]   _msTimeout  [XC_Tick_t]超时时间,单位:ms;注意:若参数为0则死等;
N * @details
N *  **必须在协程块中使用;**
N *  任务等待通知;
N *  唤醒后用"XC_GetNotifyWakeState"判断是否超时;
N */
N#define XC_WaitNotifyMs(_msTimeout) XC_WaitNotify(XCTime_MsToTicks(_msTimeout))
N
N/**
N * @brief       [用户][协程]获取通知唤醒状态
N * @return      boot
N * @retval      0 : 没有超时
N * @retval      1 : 超时
N * @details
N *  **必须在协程块中使用;**
N *  用于判断任务通知阻塞唤醒后是否超时;
N *  > 通知函数:XC_WaitNotify
N */
N#define XC_GetNotifyWakeState()     (_phXCTCB_->WakeType != XC_WAKE_NOTIFY)
N
N/**
N * @brief       [用户][协程]获取通知的数据(void*)
N * @return      void*   返回通知数据
N * @details
N *  **必须在协程块中使用;**
N *  被通知唤醒后获取通知传递的数据;
N */
N#define XC_GetNotifyData()          (_phXCTCB_->pNotifyData)
N
N/*
N ************************************************************************************************************|
N ************************************************ 我是分割线 ************************************************|
N ************************************************************************************************************|
N */
N//=== 文件结束
N#endif
L 18 "..\..\Code\XC_Task.c" 2
N#include "Internal/XC_Internal.h"
L 1 "..\..\code\include\Internal/XC_Internal.h" 1
N/**
N * @file        XC_Internal.h
N * @brief       内部实现
N * @author      libertyzx (libertyzx@163.com)
N * @version     2.00
N * @date        2025/11/26
N * **********************************************
N * @copyright   Copyright (c) 2024 libertyzx. All rights reserved.
N * @license     This project is released under the MIT License.
N * **********************************************
N * @details     框架内部实现的代码
N * **********************************************
N *  修改日志
N *  - 见"XC_UpdateInfo.md"的更新说明;
N */
N//=== 防重复定义
N#ifndef _XC_Internal_h_
N#define _XC_Internal_h_
N
N/*
N ************************************************************************************************************|
N ************************************************ 我是分割线 ************************************************|
N ************************************************************************************************************|
N */
N/** 调度器调度锁 */
N
N/**
N * @brief       [内部]锁
N * @param[in]   _phXCOS [XC_OSHandle_t]框架句柄(会强制转换"XCOS句柄指针"类型)
N * @details
N *  主要用来锁定任务切换(包括链表操作,状态切换),防止中断调用时资源竞争;
N */
N#define XCSch_Lock(_phXCOS)                   \
N    {                                         \
N        ((XC_OSHandle_t)(_phXCOS))->Lock = 1; \
N    }
X#define XCSch_Lock(_phXCOS)                       {                                                 ((XC_OSHandle_t)(_phXCOS))->Lock = 1;     }
N
N/**
N * @brief       [内部]解锁
N * @param[in]   _phXCOS [XC_OSHandle_t]框架句柄(会强制转换"XCOS句柄指针"类型)
N * @details
N *  主要用来锁定任务切换(包括链表操作,状态切换),防止中断调用时资源竞争;
N */
N#define XCSch_Unlock(_phXCOS)                 \
N    {                                         \
N        ((XC_OSHandle_t)(_phXCOS))->Lock = 0; \
N    }
X#define XCSch_Unlock(_phXCOS)                     {                                                 ((XC_OSHandle_t)(_phXCOS))->Lock = 0;     }
N
N/**
N * @brief       [内部]获取锁的状态
N * @param[in]   _phXCOS [XC_OSHandle_t]框架句柄(会强制转换"XCOS句柄指针"类型)
N * @return      uint8_t
N * @retval      0 : 解锁
N * @retval      1 : 锁定
N * @details
N *  主要用来锁定任务切换(包括链表操作,状态切换),防止中断调用时资源竞争;
N */
N#define XCSch_GetLockState(_phXCOS)          (((XC_OSHandle_t)(_phXCOS))->Lock)
N
N/************************************************ 我是分割线 ************************************************/
N
N/** 任务链表节点处理 */
N
N/**
N * @brief       [内部]将任务移动到就绪表
N * @param[in]   phTCB   [XC_TaskHandle_t]协程控制块
N * @details
N *  将任务移动到下个就绪节点前,确保最后调用;
N */
N#define XCTask_MoveTaskToReadyList(_phTCB)   XCList_MoveNodeBefore((_phTCB)->phXCOS->pNextReadyNode, &(_phTCB)->ListNode);
N
N/**
N * @brief       [内部]将任务移动到阻塞表
N * @param[in]   phTCB   [XC_TaskHandle_t]协程控制块
N * @details
N *  将任务移动到阻塞表尾部;
N */
N#define XCTask_MoveTaskToBlockedList(_phTCB) XCList_MoveNodeBefore(&(_phTCB)->phXCOS->BlockedList, &(_phTCB)->ListNode);
N
N/**
N * @brief       [内部]移除任务节点
N * @param[in]   phTCB   [XC_TaskHandle_t]协程控制块
N * @return      void
N * @details
N *  从XCOS中删除TCB节点;
N */
N#define XCTask_RemoveTaskNode(_phTCB)        XCList_Remove(&(_phTCB)->ListNode);
N
N/*
N ************************************************************************************************************|
N ************************************************ 我是分割线 ************************************************|
N ************************************************************************************************************|
N */
N//=== 文件结束
N#endif
L 19 "..\..\Code\XC_Task.c" 2
N#include "Internal/XC_List.h"
N#include "XC_Sch.h"
L 1 "..\..\code\include\XC_Sch.h" 1
N/**
N * @file        XC_Sch.h
N * @brief       调度器实现
N * @author      libertyzx (libertyzx@163.com)
N * @version     2.00
N * @date        2025/11/26
N * **********************************************
N * @copyright   Copyright (c) 2024 libertyzx. All rights reserved.
N * @license     This project is released under the MIT License.
N * **********************************************
N * @details     用于调度任务的代码
N * **********************************************
N *  修改日志
N *  - 见"XC_UpdateInfo.md"的更新说明;
N */
N//=== 防重复定义
N#ifndef _XC_Sch_H_
N#define _XC_Sch_H_
N//=== 头文件
N#include "XC_Type.h"
N
N/*
N ************************************************************************************************************|
N ************************************************ 我是分割线 ************************************************|
N ************************************************************************************************************|
N */
N/** 函数声明-[用户]调度器处理 */
N
N/**
N * @brief       [用户]调度器初始化
N * @param[in]   phXCOS  框架句柄
N * @details     在创建好"XCOS"句柄后,调用此函数初始化框架;
N */
Nvoid XCSch_Init(XC_OSHandle_t phXCOS);
N
N/**
N * @brief       [用户]调度器启动(阻塞)
N * @param[in]   phXCOS  框架句柄
N * @details     阻塞的运行调度器,调用此函数后不会返回;
N */
Nvoid XCSch_Start(XC_OSHandle_t phXCOS);
N
N/**
N * @brief       [用户]获取任务数
N * @param[in]   phXCOS  框架句柄
N * @return      uint8_t 返回任务数量
N * @details     当前框架中有多少任务;
N */
Nuint8_t XCSch_GetTaskNum(XC_OSHandle_t phXCOS);
N
N/************************************************ 我是分割线 ************************************************/
N
N/**
N * @brief       [用户]设置空闲处理回调
N * @param[in]   phXCOS  框架句柄
N * @param[in]   fIdle  框架空闲处理回调
N * @details
N *  用于设置框架空闲处理回调;
N *  若是需要清除回调则"fIdle"值为NULL即可;
N *  回调说明:
N *      简述: 框架空闲处理回调
N *      参数[in]: phXCOS    [XC_OSHandle_t]框架句柄
N *      参数[in]: IdleTick  [XC_Tick_t]空闲的Tick值(空闲多少个Tick)
N *      说明: 若是休眠,则需要"IdleTick"个Tick计数后唤醒;
N *          若是系统Tick计数也停止了则需要更新Tick值:
N *          - 系统Tick是定时器中断计数运行的,可以使用以下方式更新:
N *              ```
N *              volatile XC_Tick_t Tick;
N *              Tick = XCTime_GetTick() + IdleTick;
N *              XCTime_TickSet(Tick)
N *              ```
N *          - 系统Tick是一个计数器,则计数器等于"XCTime_GetTick() + IdleTick";
N */
Nvoid XCSch_SetIdleCallback(XC_OSHandle_t phXCOS, void (*fIdle)(XC_OSHandle_t, XC_Tick_t));
Xvoid XCSch_SetIdleCallback(XC_OSHandle_t phXCOS, void (*fIdle)(XC_OSHandle_t, uint32_t));
N
N/************************************************ 我是分割线 ************************************************/
N/*
N ************************************************************************************************************|
N ************************************************ 我是分割线 ************************************************|
N ************************************************************************************************************|
N */
N//=== 文件结束
N#endif
L 21 "..\..\Code\XC_Task.c" 2
N
N/*
N ************************************************************************************************************|
N ************************************************ 我是分割线 ************************************************|
N ************************************************************************************************************|
N */
N/** 基础函数宏 */
N
N/**
N * @brief       [内部]将任务插入到就绪表
N * @param[in]   phTCB   [XC_TaskHandle_t]协程控制块
N * @details
N *  将任务插入下个就绪任务前,任务节点在就绪表;
N */
N#define XC_InsertTaskToReadyList(_phTCB) XCList_InsertNodeBefore((_phTCB)->phXCOS->pNextReadyNode, &(_phTCB)->ListNode)
N
N/*
N ************************************************************************************************************|
N ************************************************ 我是分割线 ************************************************|
N ************************************************************************************************************|
N */
N/** 基本操作函数 */
N
N/**
N * @brief       [私有]任务基本初始化
N * @param[in]   phTCB   任务控制块
N * @details
N *  用户不调用;
N *  "TCB"中以下数据不会被初始化:
N *      - "ListNode" :  链表节点
N *      - "phXCOS" :    任务所属的框架句柄
N *      - "fTask" :     任务入口
N *      - "pParam" :    传递给任务的参数
N *      - "TaskState" : 任务状态
N *  在任务注册,移除,复位,添加时调用
N */
Nstatic void XC_TaskBasicInit(XC_TaskHandle_t phTCB)
N{
N    phTCB->TaskWakeTick = ~0;          // 任务下个唤醒的时间
N    _COR_Init(phTCB->BP);              // 初始化断点
X    ((phTCB->BP) = 0);              
N    phTCB->pNotifyData = NULL;         // 通知数据清零
X    phTCB->pNotifyData = 0;         
N    phTCB->WakeType    = XC_WAKE_NONE; // 没有唤醒
N
N    phTCB->NotifyTrigger   = 0; // 通知触发
N    phTCB->NotifyProcessed = 0; // 通知触发处理
N
N    phTCB->StateChangeTrigger   = 0;            // 状态改变触发
N    phTCB->StateChangeProcessed = 0;            // 状态改变处理
N    phTCB->StateChangeType      = XC_TASK_VOID; // 最后一次改变的是什么状态(XC_TASK_SUSPEND/XC_TASK_VOID)
N}
N
N/************************************************ 我是分割线 ************************************************/
N/** 任务链表节点处理 */
N
N/**
N * @brief       [内部]将任务插入到时间表
N * @param[in]   pList   需插入的链表(TimeList | TimeOverflowList)
N * @param[in]   phTCB   协程控制块
N * @details
N *  插入的节点需确保纯净,此函数不会处理插入节点的上下的连接;
N *  插入时间表按升序排列;
N *  从根节点向下(Next)查询"任务下个唤醒的时间"(TaskWakeTick),根据查询值从小到大排列;
N *  > 注意:若查询值相同,新节点插入在旧节点的前面;
N */
Nvoid XCTask_InsertTaskToTimeList(XCListNode_t* pList, XC_TaskHandle_t phTCB)
N{
N    XCListNode_t* pIterator;
N    XC_Tick_t     MaxTick = ~0; // Tick最大的值
X    uint32_t     MaxTick = ~0; 
N
N    if(MaxTick == phTCB->TaskWakeTick) {
N        pIterator = pList; // 若是唤醒值等于最大值,则迭代器设置为根节点
N    }
N    else {                                                                           // 查找(小->大)
N        pIterator = pList->pNext;                                                    // 获取根节点的下个节点地址
N        while((pIterator != pList) &&                                                // 指向节点不是根节点
N              (((XC_TaskHandle_t)pIterator)->TaskWakeTick <= phTCB->TaskWakeTick)) { // 指向节点的值小于新节点的值
N            pIterator = pIterator->pNext;                                            // 指向下个节点
N        }
N    }
N    XCList_InsertNodeBefore(pIterator, &phTCB->ListNode); // 插入节点,在"pIterator"之前
N}
N
N/*
N ************************************************************************************************************|
N ************************************************ 我是分割线 ************************************************|
N ************************************************************************************************************|
N */
N/** 任务相关的用户函数 */
N
N/**
N * @brief       [用户]任务注册
N * @param[in]   phXCOS  框架句柄
N * @param[in]   phTCB   协程任务控制块
N * @param[in]   fTask   任务的函数指针(任务入口)
N * @param[in]   pParam  传递给任务的参数
N * @return      XC_Retuen_t
N * @retval      XC_OK :      注册成功
N * @retval      XC_FAIL :    注册失败,任务太多
N * @details
N *  **不可在中断中使用(有链表操作)**
N *  **不可多次注册同个任务(没有做重复判断,会发生未知错误)**
N *  任务注册完成后会挂载到就绪表;
N */
NXC_Retuen_t XCTask_Reg(XC_OSHandle_t phXCOS, XC_TaskHandle_t phTCB, void (*fTask)(XC_TaskHandle_t), void* pParam)
N{
N    if(phXCOS->TaskNum >= XC_CFG_MAX_TASKS) {
X    if(phXCOS->TaskNum >= (100)) {
N        return (XC_FAIL);
N    }
N
N    XCSch_Lock(phXCOS); // 锁
X    { ((XC_OSHandle_t)(phXCOS))->Lock = 1; }; 
N    {
N        XC_TaskBasicInit(phTCB);
N        XCList_InitNode(&phTCB->ListNode); // 初始化链表节点
X        { (&phTCB->ListNode)->pNext = (&phTCB->ListNode); (&phTCB->ListNode)->pPrev = (&phTCB->ListNode); }; 
N        phTCB->phXCOS    = phXCOS;         // 保存任务的所属框架句柄
N        phTCB->fTask     = fTask;          // 更新任务入口
N        phTCB->pParam    = pParam;         // 传递给任务的参数
N        phTCB->TaskState = XC_TASK_READY;  // 任务更新状态为就绪
N        XC_InsertTaskToReadyList(phTCB);   // 插入就续表
X        XCList_InsertNodeBefore((phTCB)->phXCOS->pNextReadyNode, &(phTCB)->ListNode);   
N        phXCOS->TaskNum++;                 // 任务数+1
N    }
N    XCSch_Unlock(phXCOS); // 解锁
X    { ((XC_OSHandle_t)(phXCOS))->Lock = 0; }; 
N
N    return (XC_OK);
N}
N
N/**
N * @brief       [用户]任务移除
N * @param[in]   phTCB 协程控制块
N * @details
N *  **不可在中断中使用(有链表操作)**
N *  会从链表中删除,并清空TCB数据;
N *  不可移除自身,移除自身使用"XC_Remove()"函数;
N */
Nvoid XCTask_Remove(XC_TaskHandle_t phTCB)
N{
N    if(phTCB->phXCOS != NULL) {
X    if(phTCB->phXCOS != 0) {
N        // 从表中删除任务
N        XCSch_Lock(phTCB->phXCOS); // 锁
X        { ((XC_OSHandle_t)(phTCB->phXCOS))->Lock = 1; }; 
N        {
N            XCTask_RemoveTaskNode(phTCB);    // 移除任务节点
X            XCList_Remove(&(phTCB)->ListNode);;    
N            XC_TaskBasicInit(phTCB);         // 基本数据初始化
N            phTCB->phXCOS    = NULL;         // 清除任务的所属框架句柄
X            phTCB->phXCOS    = 0;         
N            phTCB->fTask     = NULL;         // 清除任务入口
X            phTCB->fTask     = 0;         
N            phTCB->pParam    = NULL;         // 清除任务参数
X            phTCB->pParam    = 0;         
N            phTCB->TaskState = XC_TASK_VOID; // 任务状态改为空
N            phTCB->phXCOS->TaskNum--;        // 任务数-1
N        }
N        XCSch_Unlock(phTCB->phXCOS); // 解锁
X        { ((XC_OSHandle_t)(phTCB->phXCOS))->Lock = 0; }; 
N    }
N}
N
N/**
N * @brief       [用户]任务复位
N * @param[in]   phTCB   协程控制块
N * @details
N *  **不可在中断中使用(有链表操作)**
N *  **不可复位自身(复位自身使用"XC_Reset")**
N *  会清除所有状态(包含挂起),任务复位;
N *  任务将重置到就绪表,然后从头运行;
N *  任务TCB中除了"phXCOS","fTask","Param"其他全部重置;
N */
Nvoid XCTask_Reset(XC_TaskHandle_t phTCB)
N{
N    XCSch_Lock(phTCB->phXCOS); // 锁
X    { ((XC_OSHandle_t)(phTCB->phXCOS))->Lock = 1; }; 
N    {
N        XC_TaskBasicInit(phTCB);           // 基本数据初始化
N        phTCB->TaskState = XC_TASK_READY;  // 任务更新状态为就绪
N        XCTask_MoveTaskToReadyList(phTCB); // 任务移动到就绪表
X        XCList_MoveNodeBefore((phTCB)->phXCOS->pNextReadyNode, &(phTCB)->ListNode);; 
N    }
N    XCSch_Unlock(phTCB->phXCOS); // 解锁
X    { ((XC_OSHandle_t)(phTCB->phXCOS))->Lock = 0; }; 
N}
N
N/************************************************ 我是分割线 ************************************************/
N/**
N * 任务分步创建相关的用户函数
N *  "XCTask_SetEntry"和"XCS_AddTask"函数需要配合使用;
N *  在"XCTask_SetEntry"设置完成后在XCTask_Addask"添加任务;
N *  注意:不要重复添加任务;
N */
N
N/**
N * @brief       [用户]设置任务入口
N * @param[in]   phTCB   协程任务控制块
N * @param[in]   fTask   任务的函数指针(任务入口)
N * @param[in]   pParam  传递给任务的参数
N * @details
N *  **不可在中断中使用**
N *  只设置任务入口和传递给任务的参数;
N *  一般配合"XCTask_Add"使用;
N */
Nvoid XCTask_SetEntry(XC_TaskHandle_t phTCB, void (*fTask)(XC_TaskHandle_t), void* pParam)
N{
N    phTCB->fTask  = fTask;  // 更新任务入口
N    phTCB->pParam = pParam; // 传递给任务的参数
N}
N
N/**
N * @brief   [用户]添加任务
N * @param   phXCOS  框架句柄
N * @param   phTCB   协程任务控制块
N * @return  XC_Retuen_t
N * @retval  XC_OK :      注册成功
N * @retval  XC_FAIL :    注册失败,任务太多
N * @details
N *  **不可在中断中使用(有链表操作)**
N *  添加的任务必须先调用"XCTask_SetEntry";
N *  设置好任务入口和传递的参数才可添加;
N *  添加后挂载到就绪表;
N */
NXC_Retuen_t XCTask_Add(XC_OSHandle_t phXCOS, XC_TaskHandle_t phTCB)
N{
N    if((phXCOS->TaskNum >= XC_CFG_MAX_TASKS) || (phTCB->fTask == NULL)) {
X    if((phXCOS->TaskNum >= (100)) || (phTCB->fTask == 0)) {
N        return (XC_FAIL);
N    }
N
N    XCSch_Lock(phXCOS); // 锁
X    { ((XC_OSHandle_t)(phXCOS))->Lock = 1; }; 
N    {
N        XC_TaskBasicInit(phTCB);
N        XCList_InitNode(&phTCB->ListNode); // 初始化链表
X        { (&phTCB->ListNode)->pNext = (&phTCB->ListNode); (&phTCB->ListNode)->pPrev = (&phTCB->ListNode); }; 
N        phTCB->phXCOS = phXCOS;            // 保存任务的所属框架句柄
N        XC_InsertTaskToReadyList(phTCB);   // 插入就续表
X        XCList_InsertNodeBefore((phTCB)->phXCOS->pNextReadyNode, &(phTCB)->ListNode);   
N        phXCOS->TaskNum++;                 // 任务数+1
N    }
N    XCSch_Unlock(phXCOS); // 解锁
X    { ((XC_OSHandle_t)(phXCOS))->Lock = 0; }; 
N
N    return (XC_OK);
N}
N
N/*
N ************************************************************************************************************|
N ************************************************ 我是分割线 ************************************************|
N ************************************************************************************************************|
N */
N/** 任务通知的用户函数 */
N
N/**
N * @brief       [用户]发送通知
N * @param[in]   phTCB           需要发送通知的任务TCB
N * @param[in]   pNotifyData     通知传递的参数
N * @return      XC_Retuen_t
N * @retval      XC_OK :          通知成功
N * @retval      XC_CONTINUE :    异步操作中
N * @retval      XC_FAIL :        任务不是在等待通知
N * @details
N *  **可在中断中调用**
N *  发送通知,唤醒任务;
N *  多次重复中断:
N *      - 异步操作: 参数是最后一次操作的值;
N *      - 同步操作: 参数是成功操作的值;
N */
NXC_Retuen_t XCTask_NotifySend(XC_TaskHandle_t phTCB, void* pNotifyData)
N{
N    /**
N     * 只有等待通知的任务才能被通知唤醒;
N     */
N    if(phTCB->TaskState != XC_TASK_WAIT_NOTIFY) {
N        return (XC_FAIL);
N    }
N
N    /**
N     *  若是任务运行中或者有链表操作,则异步操作;
N     *  若是此处是"有链表操作",必定是中断调用了;
N     *  这里是异步操作
N     */
N    if(XCSch_GetLockState(phTCB->phXCOS) == 1) { // 判断是否有链表操作
X    if((((XC_OSHandle_t)(phTCB->phXCOS))->Lock) == 1) { 
N        phTCB->pNotifyData = pNotifyData;        // 提前保存传递的通知数据
N        // 触发异步操作
N        phTCB->NotifyTrigger++;            // 通知触发
N        phTCB->phXCOS->TaskSchedTrigger++; // 异步调度触发
N        return (XC_CONTINUE);
N    }
N
N    /** 同步操作,没有操作链表,直接处理 */
N
N    XCSch_Lock(phTCB->phXCOS);           // 锁
X    { ((XC_OSHandle_t)(phTCB->phXCOS))->Lock = 1; };           
N    XCTask_MoveTaskToReadyList(phTCB);   // 移动到就绪表
X    XCList_MoveNodeBefore((phTCB)->phXCOS->pNextReadyNode, &(phTCB)->ListNode);;   
N    phTCB->pNotifyData = pNotifyData;    // 传递的通知数据
N    phTCB->WakeType    = XC_WAKE_NOTIFY; // 被通知唤醒
N    phTCB->TaskState   = XC_TASK_READY;  // 任务状态:就绪
N    XCSch_Unlock(phTCB->phXCOS);         // 解锁
X    { ((XC_OSHandle_t)(phTCB->phXCOS))->Lock = 0; };         
N
N    return (XC_OK);
N}
N
N/*
N ************************************************************************************************************|
N ************************************************ 我是分割线 ************************************************|
N ************************************************************************************************************|
N */
N/** 任务挂起&恢复 */
N
N/**
N * @brief       [用户]任务挂起
N * @param[in]   phTCB   任务控制块
N * @return      XC_Retuen_t
N * @retval      XC_OK :          挂起成功
N * @retval      XC_FAIL:         失败(任务不存在)
N * @retval      XC_CONTINUE :    异步操作中
N * @details
N *  **可在中断中调用**
N *  将任务挂起,**本次任务运行完成后暂停任务**;
N *  挂起可以覆盖任务的所有阻塞状态,优先级最高;
N *  挂起后只能被恢复任务唤醒;
N *  任务唤醒后原先的阻塞将失效,并以"XC_WAKE_RESUME"作为唤醒类型继续运行;
N */
NXC_Retuen_t XCTask_Suspend(XC_TaskHandle_t phTCB)
N{
N    /**
N     *  挂起操作只有在任务存储的时候才能运行;
N     *  挂起操作优先级大于通知处理,在通知处理时可以挂起;
N     *  但是要注意,通知状态下挂起并恢复,会导致通知被唤醒,且"获取唤醒超时"为超时;
N     */
N    if(phTCB->TaskState == XC_TASK_VOID) {
N        return (XC_FAIL);
N    }
N    else if(phTCB->TaskState == XC_TASK_SUSPEND) {
N        return (XC_OK); // 已经被挂起
N    }
N
N    /**
N     *  若是任务运行中或者有链表操作,则异步操作
N     *  若是此处是"有链表操作",必定是中断调用了
N     */
N    if(XCSch_GetLockState(phTCB->phXCOS) == 1) { // 判断是否有链表操作
X    if((((XC_OSHandle_t)(phTCB->phXCOS))->Lock) == 1) { 
N        // 触发异步操作
N        phTCB->StateChangeTrigger++;              // 状态改变触发
N        phTCB->StateChangeType = XC_TASK_SUSPEND; // 状态改变类型:挂起
N        phTCB->phXCOS->TaskSchedTrigger++;        // 异步调度触发
N        return (XC_CONTINUE);
N    }
N
N    /** 同步操作,没有操作链表,直接处理 */
N
N    XCSch_Lock(phTCB->phXCOS);           // 锁
X    { ((XC_OSHandle_t)(phTCB->phXCOS))->Lock = 1; };           
N    phTCB->TaskState = XC_TASK_SUSPEND;  // 任务状态:挂起
N    XCTask_MoveTaskToBlockedList(phTCB); // 将任务移动到阻塞表
X    XCList_MoveNodeBefore(&(phTCB)->phXCOS->BlockedList, &(phTCB)->ListNode);; 
N    XCSch_Unlock(phTCB->phXCOS);         // 解锁
X    { ((XC_OSHandle_t)(phTCB->phXCOS))->Lock = 0; };         
N
N    return (XC_OK);
N}
N
N/**
N * @brief       [用户]任务挂起恢复
N * @param[in]   phTCB   任务控制块
N * @return      XC_Retuen_t
N * @retval      XC_OK :          恢复成功
N * @retval      XC_CONTINUE :    异步操作中
N * @details
N *  **可在中断中调用**
N *  只能恢复被挂起的任务;
N */
NXC_Retuen_t XCTask_Resume(XC_TaskHandle_t phTCB)
N{
N    // 任务没有被挂起,直接成功
N    if(phTCB->TaskState != XC_TASK_SUSPEND) {
N        return (XC_OK); // 没有被挂起
N    }
N
N    /**
N     *  若是任务运行中或者有链表操作,则异步操作
N     *  若是此处是"有链表操作",必定是中断调用了
N     */
N    if(XCSch_GetLockState(phTCB->phXCOS) == 1) { // 判断是否有链表操作
X    if((((XC_OSHandle_t)(phTCB->phXCOS))->Lock) == 1) { 
N        // 触发异步操作
N        phTCB->StateChangeTrigger++;           // 状态改变触发
N        phTCB->StateChangeType = XC_TASK_VOID; // 状态改变类型:未挂起(恢复)
N        phTCB->phXCOS->TaskSchedTrigger++;     // 异步调度触发
N        return (XC_CONTINUE);
N    }
N
N    /** 同步操作,没有操作链表,直接处理 */
N
N    XCSch_Lock(phTCB->phXCOS);         // 锁
X    { ((XC_OSHandle_t)(phTCB->phXCOS))->Lock = 1; };         
N    XCTask_MoveTaskToReadyList(phTCB); // 将任务移动到就绪表
X    XCList_MoveNodeBefore((phTCB)->phXCOS->pNextReadyNode, &(phTCB)->ListNode);; 
N    phTCB->WakeType  = XC_WAKE_RESUME; // 被任务恢复唤醒
N    phTCB->TaskState = XC_TASK_READY;  // 任务状态:就绪
N    XCSch_Unlock(phTCB->phXCOS);       // 解锁
X    { ((XC_OSHandle_t)(phTCB->phXCOS))->Lock = 0; };       
N
N    return (XC_OK);
N}
N
N/************************************************ 我是分割线 ************************************************/
N/*
N ************************************************************************************************************|
N ************************************************ 我是分割线 ************************************************|
N ************************************************************************************************************|
N */
